digraph G {
0[label="main"];
}
digraph G {
0[label="queen"];
1[label="next.ret"];
2[label="for.cond"];
3[label="for.body"];
4[label="rec.func"];
5[label="next.loop"];
6[label="next.ret.1"];
0->1 [label="true"];
0->2 [label="false"];
2->3 [label="true"];
2->6 [label="false"];
3->4 [label="true"];
3->5 [label="false"];
4->5 [label=""];
5->2 [label=""];
}
digraph G {
0[label="valid"];
1[label="for.cond"];
2[label="for.body"];
3[label="true.ret.0"];
4[label="false.else"];
5[label="true.ret.1"];
6[label="false.loop"];
7[label="ret.end"];
0->1 [label=""];
1->2 [label="true"];
1->7 [label="false"];
2->3 [label="true"];
2->4 [label="false"];
4->5 [label="true"];
4->6 [label="false"];
6->1 [label=""];
}
